üß™ Testing: ./gh-comment batch 14 review-config.yaml
Error: failed to read config file: failed to read file review-config.yaml: open review-config.yaml: no such file or directory
Usage:
  gh-comment batch <pr> <config-file> [flags]

Examples:
# Process comments from config
$ gh comment batch 123 review-config.yaml

# Validate config without executing
$ gh comment batch 123 review-config.yaml --dry-run

# Use verbose output
$ gh comment batch 123 review-config.yaml --verbose


Flags:
  -h, --help   help for batch

Global Flags:
      --config string   Configuration file path (default: search standard locations)
      --dry-run         Show what would be commented without executing (default: false)
      --no-color        Disable colored output (default: false)
  -p, --pr int          PR number (default: auto-detect from branch)
  -R, --repo string     Repository in owner/repo format (default: auto-detect from current directory)
      --validate        Validate line exists in diff before commenting (default: true) (default true)
  -v, --verbose         Show detailed API interactions (default: false)

Error: failed to read config file: failed to read file review-config.yaml: open review-config.yaml: no such file or directory
‚ùå FAILED: batch example 1

üß™ Testing: ./gh-comment batch 14 review-config.yaml --dry-run
Error: failed to read config file: failed to read file review-config.yaml: open review-config.yaml: no such file or directory
Usage:
  gh-comment batch <pr> <config-file> [flags]

Examples:
# Process comments from config
$ gh comment batch 123 review-config.yaml

# Validate config without executing
$ gh comment batch 123 review-config.yaml --dry-run

# Use verbose output
$ gh comment batch 123 review-config.yaml --verbose


Flags:
  -h, --help   help for batch

Global Flags:
      --config string   Configuration file path (default: search standard locations)
      --dry-run         Show what would be commented without executing (default: false)
      --no-color        Disable colored output (default: false)
  -p, --pr int          PR number (default: auto-detect from branch)
  -R, --repo string     Repository in owner/repo format (default: auto-detect from current directory)
      --validate        Validate line exists in diff before commenting (default: true) (default true)
  -v, --verbose         Show detailed API interactions (default: false)

Error: failed to read config file: failed to read file review-config.yaml: open review-config.yaml: no such file or directory
‚ùå FAILED: batch example 2

üß™ Testing: ./gh-comment batch 14 review-config.yaml --verbose
Error: failed to read config file: failed to read file review-config.yaml: open review-config.yaml: no such file or directory
Usage:
  gh-comment batch <pr> <config-file> [flags]

Examples:
# Process comments from config
$ gh comment batch 123 review-config.yaml

# Validate config without executing
$ gh comment batch 123 review-config.yaml --dry-run

# Use verbose output
$ gh comment batch 123 review-config.yaml --verbose


Flags:
  -h, --help   help for batch

Global Flags:
      --config string   Configuration file path (default: search standard locations)
      --dry-run         Show what would be commented without executing (default: false)
      --no-color        Disable colored output (default: false)
  -p, --pr int          PR number (default: auto-detect from branch)
  -R, --repo string     Repository in owner/repo format (default: auto-detect from current directory)
      --validate        Validate line exists in diff before commenting (default: true) (default true)
  -v, --verbose         Show detailed API interactions (default: false)

Error: failed to read config file: failed to read file review-config.yaml: open review-config.yaml: no such file or directory
‚ùå FAILED: batch example 3

